00:43:42 **** Incremental Build of configuration Debug for project Practica_5 ****
make -j12 all 
arm-none-eabi-gcc "../API/Src/API_uart.c" -mcpu=cortex-m4 -std=gnu11 -g3 -DDEBUG -DUSE_HAL_DRIVER -DSTM32F446xx -c -I../Core/Inc -I../Drivers/STM32F4xx_HAL_Driver/Inc -I../Drivers/STM32F4xx_HAL_Driver/Inc/Legacy -I../Drivers/CMSIS/Device/ST/STM32F4xx/Include -I../Drivers/CMSIS/Include -I"C:/Users/Ignacio/Desktop/Postgrado/Programacion de MCUs/Practicas/Practicas - PdM/Practica_5/Drivers" -I"C:/Users/Ignacio/Desktop/Postgrado/Programacion de MCUs/Practicas/Practicas - PdM/Practica_5/API/Inc" -I"C:/Users/Ignacio/Desktop/Postgrado/Programacion de MCUs/Practicas/Practicas - PdM/Practica_5/API/Src" -I"C:/Users/Ignacio/Desktop/Postgrado/Programacion de MCUs/Practicas/Practicas - PdM/Practica_5/API" -I"C:/Users/Ignacio/Desktop/Postgrado/Programacion de MCUs/Practicas/Practicas - PdM/Practica_5/Core" -I"C:/Users/Ignacio/Desktop/Postgrado/Programacion de MCUs/Practicas/Practicas - PdM/Practica_5/API" -O0 -ffunction-sections -fdata-sections -Wall -fstack-usage -fcyclomatic-complexity -MMD -MP -MF"API/Src/API_uart.d" -MT"API/Src/API_uart.o" --specs=nano.specs -mfpu=fpv4-sp-d16 -mfloat-abi=hard -mthumb -o "API/Src/API_uart.o"
../API/Src/API_uart.c: In function 'uartPrintConfig':
../API/Src/API_uart.c:23:5: warning: implicit declaration of function 'snprintf' [-Wimplicit-function-declaration]
   23 |     snprintf(buffer, sizeof(buffer),
      |     ^~~~~~~~
../API/Src/API_uart.c:8:1: note: include '<stdio.h>' or provide a declaration of 'snprintf'
    7 | #include "API_uart.h"
  +++ |+#include <stdio.h>
    8 | 
../API/Src/API_uart.c:23:5: warning: incompatible implicit declaration of built-in function 'snprintf' [-Wbuiltin-declaration-mismatch]
   23 |     snprintf(buffer, sizeof(buffer),
      |     ^~~~~~~~
../API/Src/API_uart.c:23:5: note: include '<stdio.h>' or provide a declaration of 'snprintf'
../API/Src/API_uart.c:24:63: warning: format '%lu' expects argument of type 'long unsigned int', but argument 5 has type 'int' [-Wformat=]
   24 |              "UART Config:\r\nBaudRate: %lu\r\nWord Length: %lu bits\r\nStop Bits: %lu\r\nParity: %s\r\n",
      |                                                             ~~^
      |                                                               |
      |                                                               long unsigned int
      |                                                             %u
   25 |              huart2.Init.BaudRate,
   26 |              (huart2.Init.WordLength == UART_WORDLENGTH_8B) ? 8 : 9,
      |              ~~~~~~~~~~~~~~~~~~~~~~~~~~~~~~~~~~~~~~~~~~~~~~~~~~~~~~
      |                                                                 |
      |                                                                 int
../API/Src/API_uart.c:24:86: warning: format '%lu' expects argument of type 'long unsigned int', but argument 6 has type 'int' [-Wformat=]
   24 |              "UART Config:\r\nBaudRate: %lu\r\nWord Length: %lu bits\r\nStop Bits: %lu\r\nParity: %s\r\n",
      |                                                                                    ~~^
      |                                                                                      |
      |                                                                                      long unsigned int
      |                                                                                    %u
......
   27 |              (huart2.Init.StopBits == UART_STOPBITS_1) ? 1 : 2,
      |              ~~~~~~~~~~~~~~~~~~~~~~~~~~~~~~~~~~~~~~~~~~~~~~~~~                        
      |                                                            |
      |                                                            int
arm-none-eabi-gcc -o "Practica_5.elf" @"objects.list"   -mcpu=cortex-m4 -T"C:\Users\Ignacio\Desktop\Postgrado\Programacion de MCUs\Practicas\Practicas - PdM\Practica_5\STM32F446RETX_FLASH.ld" --specs=nosys.specs -Wl,-Map="Practica_5.map" -Wl,--gc-sections -static --specs=nano.specs -mfpu=fpv4-sp-d16 -mfloat-abi=hard -mthumb -Wl,--start-group -lc -lm -Wl,--end-group
Finished building target: Practica_5.elf
 
arm-none-eabi-size  Practica_5.elf 
arm-none-eabi-objdump -h -S Practica_5.elf  > "Practica_5.list"
   text	   data	    bss	    dec	    hex	filename
  18700	    112	   2000	  20812	   514c	Practica_5.elf
Finished building: default.size.stdout
 
Finished building: Practica_5.list
 
