20:48:03 **** Incremental Build of configuration Debug for project Practica_1 ****
make -j12 all 
arm-none-eabi-gcc "../Core/Src/main.c" -mcpu=cortex-m4 -std=gnu11 -g3 -DDEBUG -DUSE_HAL_DRIVER -DSTM32F446xx -c -I../Core/Inc -I../Drivers/STM32F4xx_HAL_Driver/Inc -I../Drivers/STM32F4xx_HAL_Driver/Inc/Legacy -I../Drivers/CMSIS/Device/ST/STM32F4xx/Include -I../Drivers/CMSIS/Include -O0 -ffunction-sections -fdata-sections -Wall -fstack-usage -fcyclomatic-complexity -MMD -MP -MF"Core/Src/main.d" -MT"Core/Src/main.o" --specs=nano.specs -mfpu=fpv4-sp-d16 -mfloat-abi=hard -mthumb -o "Core/Src/main.o"
arm-none-eabi-gcc -o "Practica_1.elf" @"objects.list"   -mcpu=cortex-m4 -T"C:\Users\Ignacio\Desktop\Postgrado\Programacion de MCUs\Practicas\Practicas - PdM\Practica_1\STM32F446RETX_FLASH.ld" --specs=nosys.specs -Wl,-Map="Practica_1.map" -Wl,--gc-sections -static --specs=nano.specs -mfpu=fpv4-sp-d16 -mfloat-abi=hard -mthumb -Wl,--start-group -lc -lm -Wl,--end-group
Finished building target: Practica_1.elf
 
arm-none-eabi-size  Practica_1.elf 
arm-none-eabi-objdump -h -S Practica_1.elf  > "Practica_1.list"
   text	   data	    bss	    dec	    hex	filename
   8720	     20	   1644	  10384	   2890	Practica_1.elf
Finished building: default.size.stdout
 
Finished building: Practica_1.list
 

20:48:03 Build Finished. 0 errors, 0 warnings. (took 721ms)

